C:\Users\abhin\anaconda3\envs\hdgt\python.exe : [32m[INFO] 2026-06-10 13:14:26,940 [RapidOCR] base.py:22: Using 
engine_name: torch[0m
At line:1 char:53
+ ... ONUTF8="1"; C:\Users\abhin\anaconda3\envs\hdgt\python.exe test_parser ...
+                 ~~~~~~~~~~~~~~~~~~~~~~~~~~~~~~~~~~~~~~~~~~~~~~~~~~~~~~~~~
    + CategoryInfo          : NotSpecified: ([32m[INFO] 202...name: torch[0m:String) [], RemoteException
    + FullyQualifiedErrorId : NativeCommandError
 
[32m[INFO] 2026-06-10 13:14:26,957 [RapidOCR] device_config.py:64: Using GPU device with ID: 0[0m
[32m[INFO] 2026-06-10 13:14:26,978 [RapidOCR] download_file.py:60: File exists and is valid: 
C:\Users\abhin\anaconda3\envs\hdgt\Lib\site-packages\rapidocr\models\ch_PP-OCRv4_det_mobile.pth[0m
[32m[INFO] 2026-06-10 13:14:26,978 [RapidOCR] main.py:50: Using 
C:\Users\abhin\anaconda3\envs\hdgt\Lib\site-packages\rapidocr\models\ch_PP-OCRv4_det_mobile.pth[0m
[32m[INFO] 2026-06-10 13:14:27,529 [RapidOCR] base.py:22: Using engine_name: torch[0m
[32m[INFO] 2026-06-10 13:14:27,530 [RapidOCR] device_config.py:64: Using GPU device with ID: 0[0m
[32m[INFO] 2026-06-10 13:14:27,533 [RapidOCR] download_file.py:60: File exists and is valid: 
C:\Users\abhin\anaconda3\envs\hdgt\Lib\site-packages\rapidocr\models\ch_ptocr_mobile_v2.0_cls_mobile.pth[0m
[32m[INFO] 2026-06-10 13:14:27,534 [RapidOCR] main.py:50: Using 
C:\Users\abhin\anaconda3\envs\hdgt\Lib\site-packages\rapidocr\models\ch_ptocr_mobile_v2.0_cls_mobile.pth[0m
[32m[INFO] 2026-06-10 13:14:27,717 [RapidOCR] base.py:22: Using engine_name: torch[0m
[32m[INFO] 2026-06-10 13:14:27,717 [RapidOCR] device_config.py:64: Using GPU device with ID: 0[0m
[32m[INFO] 2026-06-10 13:14:27,751 [RapidOCR] download_file.py:60: File exists and is valid: 
C:\Users\abhin\anaconda3\envs\hdgt\Lib\site-packages\rapidocr\models\ch_PP-OCRv4_rec_mobile.pth[0m
[32m[INFO] 2026-06-10 13:14:27,752 [RapidOCR] main.py:50: Using 
C:\Users\abhin\anaconda3\envs\hdgt\Lib\site-packages\rapidocr\models\ch_PP-OCRv4_rec_mobile.pth[0m

  Loading Docling...
  Parsing: TFMAdapter.pdf  (this may take 30ΓÇô120s on first run)


Loading weights:   0%|          | 0/770 [00:00<?, ?it/s]
Loading weights:  30%|ΓûêΓûêΓûê       | 231/770 [00:00<00:00, 2201.03it/s]
Loading weights:  59%|ΓûêΓûêΓûêΓûêΓûêΓûè    | 452/770 [00:00<00:00, 2020.29it/s]
Loading weights:  89%|ΓûêΓûêΓûêΓûêΓûêΓûêΓûêΓûêΓûè | 682/770 [00:00<00:00, 2131.11it/s]
Loading weights: 100%|ΓûêΓûêΓûêΓûêΓûêΓûêΓûêΓûêΓûêΓûê| 770/770 [00:00<00:00, 2109.49it/s]
Usage of TableItem.export_to_markdown() without `doc` argument is deprecated.
Usage of TableItem.export_to_markdown() without `doc` argument is deprecated.
Usage of TableItem.export_to_markdown() without `doc` argument is deprecated.
Usage of TableItem.export_to_markdown() without `doc` argument is deprecated.
ΓòöΓòÉΓòÉΓòÉΓòÉΓòÉΓòÉΓòÉΓòÉΓòÉΓòÉΓòÉΓòÉΓòÉΓòÉΓòÉΓòÉΓòÉΓòÉΓòÉΓòÉΓòÉΓòÉΓòÉΓòÉΓòÉΓòÉΓòÉΓòÉΓòÉΓòÉΓòÉΓòÉΓòÉΓòÉΓòÉΓòÉΓòÉΓòÉΓòÉΓòÉΓòÉΓòÉΓòÉΓòÉΓòÉΓòÉΓòÉΓòÉΓòÉΓòÉΓòù
Γòæ  TFMAdapter.pdf                                  Γòæ
ΓòÜΓòÉΓòÉΓòÉΓòÉΓòÉΓòÉΓòÉΓòÉΓòÉΓòÉΓòÉΓòÉΓòÉΓòÉΓòÉΓòÉΓòÉΓòÉΓòÉΓòÉΓòÉΓòÉΓòÉΓòÉΓòÉΓòÉΓòÉΓòÉΓòÉΓòÉΓòÉΓòÉΓòÉΓòÉΓòÉΓòÉΓòÉΓòÉΓòÉΓòÉΓòÉΓòÉΓòÉΓòÉΓòÉΓòÉΓòÉΓòÉΓòÉΓòÉΓò¥

  Total pages : 10
  Total items : 221
  Items shown : 80

  ΓöÇΓöÇ Raw label distribution (Docling) ΓöÇΓöÇ
    text                   103  ΓåÆ text+paragraph  ΓûêΓûêΓûêΓûêΓûêΓûêΓûêΓûêΓûêΓûêΓûêΓûêΓûêΓûêΓûêΓûêΓûêΓûêΓûêΓûêΓûêΓûêΓûêΓûêΓûêΓûêΓûêΓûêΓûêΓûêΓûêΓûêΓûêΓûêΓûêΓûêΓûêΓûêΓûêΓûê
    list_item               44  ΓåÆ text+paragraph  ΓûêΓûêΓûêΓûêΓûêΓûêΓûêΓûêΓûêΓûêΓûêΓûêΓûêΓûêΓûêΓûêΓûêΓûêΓûêΓûêΓûêΓûêΓûêΓûêΓûêΓûêΓûêΓûêΓûêΓûêΓûêΓûêΓûêΓûêΓûêΓûêΓûêΓûêΓûêΓûê
    section_header          35  ΓåÆ section+section_header  ΓûêΓûêΓûêΓûêΓûêΓûêΓûêΓûêΓûêΓûêΓûêΓûêΓûêΓûêΓûêΓûêΓûêΓûêΓûêΓûêΓûêΓûêΓûêΓûêΓûêΓûêΓûêΓûêΓûêΓûêΓûêΓûêΓûêΓûêΓûê
    formula                 15  ΓåÆ text+paragraph  ΓûêΓûêΓûêΓûêΓûêΓûêΓûêΓûêΓûêΓûêΓûêΓûêΓûêΓûêΓûê
    caption                  9  ΓåÆ text+caption  ΓûêΓûêΓûêΓûêΓûêΓûêΓûêΓûêΓûê
    picture                  6  ΓåÆ figure+figure  ΓûêΓûêΓûêΓûêΓûêΓûê
    footnote                 5  ΓåÆ text+paragraph  ΓûêΓûêΓûêΓûêΓûê
    table                    4  ΓåÆ table+table  ΓûêΓûêΓûêΓûê

  ΓöÇΓöÇ Mapped type distribution (HDGT) ΓöÇΓöÇ
    text             176  ΓûêΓûêΓûêΓûêΓûêΓûêΓûêΓûêΓûêΓûêΓûêΓûêΓûêΓûêΓûêΓûêΓûêΓûêΓûêΓûêΓûêΓûêΓûêΓûêΓûêΓûêΓûêΓûêΓûêΓûêΓûêΓûêΓûêΓûêΓûêΓûêΓûêΓûêΓûêΓûê
    section           35  ΓûêΓûêΓûêΓûêΓûêΓûêΓûêΓûêΓûêΓûêΓûêΓûêΓûêΓûêΓûêΓûêΓûêΓûêΓûêΓûêΓûêΓûêΓûêΓûêΓûêΓûêΓûêΓûêΓûêΓûêΓûêΓûêΓûêΓûêΓûê
    figure             6  ΓûêΓûêΓûêΓûêΓûêΓûê
    table              4  ΓûêΓûêΓûêΓûê

  ΓöÇΓöÇ Bounding box validity ΓöÇΓöÇ
    Valid   : 221/221 (100.0%)

  ΓöÇΓöÇ Section nodes (35 found) ΓöÇΓöÇ
    p  1  [section_header ]  'TFMAdapter: Lightweight Instance-Level Adaptation of Foundat'
    p  1  [section_header ]  'Abstract'
    p  1  [section_header ]  'CCS Concepts'
    p  1  [section_header ]  'Keywords'
    p  1  [section_header ]  'ACMReference Format:'
    p  1  [section_header ]  '1 Introduction'
    p  2  [section_header ]  '2 Related Work'
    p  2  [section_header ]  '2.1 Emergence of Time Series Foundation Models'
    p  3  [section_header ]  '2.2 Transformer-based Foundation Models'
    p  3  [section_header ]  '2.3 Foundation Models Harnessing Covariates'
    p  3  [section_header ]  '3 Problem Definition'
    p  3  [section_header ]  '3.1 Forecasting Settings'
    p  4  [section_header ]  '3.2 Instance-level Adapters for Forecasting with Covariates'
    p  4  [section_header ]  '4 Our Approach: TFMAdapter'
    p  4  [section_header ]  '4.1 Stage I: Acquiring Labeled Data'
    p  4  [section_header ]  'Stage-I'
    p  4  [section_header ]  'Acquire Labeled Data from the Foundation Model'
    p  4  [section_header ]  'end for'
    p  4  [section_header ]  'Generate Pseudo-forecasts'
    p  4  [section_header ]  'end for'
    ... and 15 more

  ΓöÇΓöÇ Figure nodes (6 found) ΓöÇΓöÇ
    p  1  bbox=[0.086, 0.821, 0.159, 0.841]  ''
    p  2  bbox=[0.105, 0.104, 0.891, 0.399]  ''
    p  3  bbox=[0.521, 0.269, 0.913, 0.424]  ''
    p  5  bbox=[0.521, 0.425, 0.909, 0.598]  ''
    p  8  bbox=[0.52, 0.382, 0.911, 0.554]  ''
    p  9  bbox=[0.088, 0.295, 0.479, 0.485]  ''

  ΓöÇΓöÇ Caption nodes (type=text, role=caption) ΓÇö 9 found ΓöÇΓöÇ
    p  2  'Figure 1: Overall TFMAdapter Approach. ( 1 ) Windows are selected base'
    p  3  'Figure 2: Input and output representation of Moirai for forecasting wi'
    p  5  'Figure 3: Average accuracy of Moirai foundation models on ETT datasets'
    p  6  'Table 1: Description of Datasets Used for Evaluation.'
    p  7  'Table 2: Performance comparison of TFMAdapter , foundation models, and'
    p  8  'Table 3: Comparison of MASE for TFMAdapter , ChronosX and NBEATSx-G. D'
    p  8  'Figure 4: Impact of the Pseudo-Forecast Generator. Training with pseud'
    p  9  'Figure 5: Comparison of Window Selection Strategies. The final forecas'
    p  9  'Table 4: Comparison of TFMAdapter and Foundation Models for varying hi'

  ΓöÇΓöÇ Item detail table (first 80 of 221) ΓöÇΓöÇ

Γöé #      Γöé raw_label            Γöé ΓåÆ type     Γöé role       Γöé content (preview)                      Γöé bbox? Γöé
Γöé ΓöÇΓöÇΓöÇΓöÇΓöÇΓöÇ Γöé ΓöÇΓöÇΓöÇΓöÇΓöÇΓöÇΓöÇΓöÇΓöÇΓöÇΓöÇΓöÇΓöÇΓöÇΓöÇΓöÇΓöÇΓöÇΓöÇΓöÇ Γöé ΓöÇΓöÇΓöÇΓöÇΓöÇΓöÇΓöÇΓöÇΓöÇΓöÇ Γöé ΓöÇΓöÇΓöÇΓöÇΓöÇΓöÇΓöÇΓöÇΓöÇΓöÇ Γöé ΓöÇΓöÇΓöÇΓöÇΓöÇΓöÇΓöÇΓöÇΓöÇΓöÇΓöÇΓöÇΓöÇΓöÇΓöÇΓöÇΓöÇΓöÇΓöÇΓöÇΓöÇΓöÇΓöÇΓöÇΓöÇΓöÇΓöÇΓöÇΓöÇΓöÇΓöÇΓöÇΓöÇΓöÇΓöÇΓöÇΓöÇΓöÇ Γöé ΓöÇΓöÇΓöÇΓöÇΓöÇ Γöé
Γöé 0      Γöé section_header       Γöé section    Γöé section_he Γöé TFMAdapter: Lightweight Instance-Level Γöé Γ£ô     Γöé
Γöé 1      Γöé text                 Γöé text       Γöé paragraph  Γöé Afrin Dange                            Γöé Γ£ô     Γöé
Γöé 2      Γöé text                 Γöé text       Γöé paragraph  Γöé Indian Institute of Technology Bombay  Γöé Γ£ô     Γöé
Γöé 3      Γöé section_header       Γöé section    Γöé section_he Γöé Abstract                               Γöé Γ£ô     Γöé
Γöé 4      Γöé text                 Γöé text       Γöé paragraph  Γöé Time Series Foundation Models (TSFMs)  Γöé Γ£ô     Γöé
Γöé 5      Γöé text                 Γöé text       Γöé paragraph  Γöé We propose TFMAdapter , a lightweight, Γöé Γ£ô     Γöé
Γöé 6      Γöé text                 Γöé text       Γöé paragraph  Γöé Extensive experiments on real-world da Γöé Γ£ô     Γöé
Γöé 7      Γöé section_header       Γöé section    Γöé section_he Γöé CCS Concepts                           Γöé Γ£ô     Γöé
Γöé 8      Γöé text                 Γöé text       Γöé paragraph  Γöé ┬╖ Computing methodologies ΓåÆ Machine le Γöé Γ£ô     Γöé
Γöé 9      Γöé section_header       Γöé section    Γöé section_he Γöé Keywords                               Γöé Γ£ô     Γöé
Γöé 10     Γöé text                 Γöé text       Γöé paragraph  Γöé Time Series Forecasting, Covariates, F Γöé Γ£ô     Γöé
Γöé 11     Γöé section_header       Γöé section    Γöé section_he Γöé ACMReference Format:                   Γöé Γ£ô     Γöé
Γöé 12     Γöé text                 Γöé text       Γöé paragraph  Γöé Afrin Dange and Sunita Sarawagi. 2025. Γöé Γ£ô     Γöé
Γöé 13     Γöé picture              Γöé figure     Γöé figure     Γöé                                        Γöé Γ£ô     Γöé
Γöé 14     Γöé text                 Γöé text       Γöé paragraph  Γöé This work is licensed under a Creative Γöé Γ£ô     Γöé
Γöé 15     Γöé footnote             Γöé text       Γöé paragraph  Γöé ┬⌐ 2025 Copyright held by the owner/aut Γöé Γ£ô     Γöé
Γöé 16     Γöé text                 Γöé text       Γöé paragraph  Γöé ACM ISBN 979-8-4007-2040-6/2025/11     Γöé Γ£ô     Γöé
Γöé 17     Γöé text                 Γöé text       Γöé paragraph  Γöé https://doi.org/10.1145/3746252.376127 Γöé Γ£ô     Γöé
Γöé 18     Γöé text                 Γöé text       Γöé paragraph  Γöé Sunita Sarawagi                        Γöé Γ£ô     Γöé
Γöé 19     Γöé text                 Γöé text       Γöé paragraph  Γöé Indian Institute of Technology Bombay  Γöé Γ£ô     Γöé
Γöé 20     Γöé text                 Γöé text       Γöé paragraph  Γöé Knowledge Management (CIKM '25), Novem Γöé Γ£ô     Γöé
Γöé 21     Γöé section_header       Γöé section    Γöé section_he Γöé 1 Introduction                         Γöé Γ£ô     Γöé
Γöé 22     Γöé text                 Γöé text       Γöé paragraph  Γöé Time Series Foundation Models (TSFMs)  Γöé Γ£ô     Γöé
Γöé 23     Γöé text                 Γöé text       Γöé paragraph  Γöé Time series forecasting can be categor Γöé Γ£ô     Γöé
Γöé 24     Γöé text                 Γöé text       Γöé paragraph  Γöé Moirai [28] is one of the few foundati Γöé Γ£ô     Γöé
Γöé 25     Γöé text                 Γöé text       Γöé paragraph  Γöé Our goal is to design an adapter that  Γöé Γ£ô     Γöé
Γöé 26     Γöé footnote             Γöé text       Γöé paragraph  Γöé 0 Code is available at https://github. Γöé Γ£ô     Γöé
Γöé 27     Γöé picture              Γöé figure     Γöé figure     Γöé                                        Γöé Γ£ô     Γöé
Γöé 28     Γöé caption              Γöé text       Γöé caption    Γöé Figure 1: Overall TFMAdapter Approach. Γöé Γ£ô     Γöé
Γöé 29     Γöé text                 Γöé text       Γöé paragraph  Γöé Wepresent TFMAdapter , a method of tra Γöé Γ£ô     Γöé
Γöé 30     Γöé text                 Γöé text       Γöé paragraph  Γöé Contributions. Our contributions are a Γöé Γ£ô     Γöé
Γöé 31     Γöé list_item            Γöé text       Γöé paragraph  Γöé We identify and analyze the limitation Γöé Γ£ô     Γöé
Γöé 32     Γöé list_item            Γöé text       Γöé paragraph  Γöé Wepropose an instance-level lightweigh Γöé Γ£ô     Γöé
Γöé 33     Γöé list_item            Γöé text       Γöé paragraph  Γöé We present a novel two-stage method of Γöé Γ£ô     Γöé
Γöé 34     Γöé list_item            Γöé text       Γöé paragraph  Γöé We demonstrate the efficacy of our app Γöé Γ£ô     Γöé
Γöé 35     Γöé section_header       Γöé section    Γöé section_he Γöé 2 Related Work                         Γöé Γ£ô     Γöé
Γöé 36     Γöé section_header       Γöé section    Γöé section_he Γöé 2.1 Emergence of Time Series Foundatio Γöé Γ£ô     Γöé
Γöé 37     Γöé text                 Γöé text       Γöé paragraph  Γöé Time series forecasting has traditiona Γöé Γ£ô     Γöé
Γöé 38     Γöé text                 Γöé text       Γöé paragraph  Γöé Deep learning introduced more expressi Γöé Γ£ô     Γöé
Γöé 39     Γöé text                 Γöé text       Γöé paragraph  Γöé Following the emergence of Transformer Γöé Γ£ô     Γöé
Γöé 40     Γöé section_header       Γöé section    Γöé section_he Γöé 2.2 Transformer-based Foundation Model Γöé Γ£ô     Γöé
Γöé 41     Γöé text                 Γöé text       Γöé paragraph  Γöé Foundation models based on transformer Γöé Γ£ô     Γöé
Γöé 42     Γöé text                 Γöé text       Γöé paragraph  Γöé Encoder-only: Encoder-only foundation  Γöé Γ£ô     Γöé
Γöé 43     Γöé text                 Γöé text       Γöé paragraph  Γöé Decoder-only: Decoder-only foundation  Γöé Γ£ô     Γöé
Γöé 44     Γöé text                 Γöé text       Γöé paragraph  Γöé Encoder-Decoder: TimeGPT [11] is a pro Γöé Γ£ô     Γöé
Γöé 45     Γöé footnote             Γöé text       Γöé paragraph  Γöé 1 https://aws.amazon.com/blogs/machine Γöé Γ£ô     Γöé
Γöé 46     Γöé section_header       Γöé section    Γöé section_he Γöé 2.3 Foundation Models Harnessing Covar Γöé Γ£ô     Γöé
Γöé 47     Γöé text                 Γöé text       Γöé paragraph  Γöé Tiny Time Mixers (TTM) [10] are founda Γöé Γ£ô     Γöé
Γöé 48     Γöé picture              Γöé figure     Γöé figure     Γöé                                        Γöé Γ£ô     Γöé
Γöé 49     Γöé caption              Γöé text       Γöé caption    Γöé Figure 2: Input and output representat Γöé Γ£ô     Γöé
Γöé 50     Γöé section_header       Γöé section    Γöé section_he Γöé 3 Problem Definition                   Γöé Γ£ô     Γöé
Γöé 51     Γöé text                 Γöé text       Γöé paragraph  Γöé We first define the time series foreca Γöé Γ£ô     Γöé
Γöé 52     Γöé section_header       Γöé section    Γöé section_he Γöé 3.1 Forecasting Settings               Γöé Γ£ô     Γöé
Γöé 53     Γöé text                 Γöé text       Γöé paragraph  Γöé Consider a set of ≡¥æç time series, where Γöé Γ£ô     Γöé
Γöé 54     Γöé text                 Γöé text       Γöé paragraph  Γöé Univariate Forecasting: This involves  Γöé Γ£ô     Γöé
Γöé 55     Γöé formula              Γöé text       Γöé paragraph  Γöé                                        Γöé Γ£ô     Γöé
Γöé 56     Γöé text                 Γöé text       Γöé paragraph  Γöé Multivariate Forecasting: When multipl Γöé Γ£ô     Γöé
Γöé 57     Γöé formula              Γöé text       Γöé paragraph  Γöé                                        Γöé Γ£ô     Γöé
Γöé 58     Γöé text                 Γöé text       Γöé paragraph  Γöé Forecasting with Covariates: This sett Γöé Γ£ô     Γöé
Γöé 59     Γöé footnote             Γöé text       Γöé paragraph  Γöé 2 We have not included ChronosX in eva Γöé Γ£ô     Γöé
Γöé 60     Γöé formula              Γöé text       Γöé paragraph  Γöé                                        Γöé Γ£ô     Γöé
Γöé 61     Γöé section_header       Γöé section    Γöé section_he Γöé 3.2 Instance-level Adapters for Foreca Γöé Γ£ô     Γöé
Γöé 62     Γöé text                 Γöé text       Γöé paragraph  Γöé Weassumethe availability of a time ser Γöé Γ£ô     Γöé
Γöé 63     Γöé text                 Γöé text       Γöé paragraph  Γöé The core challenge here is that genera Γöé Γ£ô     Γöé
Γöé 64     Γöé section_header       Γöé section    Γöé section_he Γöé 4 Our Approach: TFMAdapter             Γöé Γ£ô     Γöé
Γöé 65     Γöé text                 Γöé text       Γöé paragraph  Γöé We now present TFMAdapter , a lightwei Γöé Γ£ô     Γöé
Γöé 66     Γöé section_header       Γöé section    Γöé section_he Γöé 4.1 Stage I: Acquiring Labeled Data    Γöé Γ£ô     Γöé
Γöé 67     Γöé text                 Γöé text       Γöé paragraph  Γöé The first stage addresses the challeng Γöé Γ£ô     Γöé
Γöé 68     Γöé text                 Γöé text       Γöé paragraph  Γöé Algorithm 1 Lightweight Adapter for Fo Γöé Γ£ô     Γöé
Γöé 69     Γöé formula              Γöé text       Γöé paragraph  Γöé                                        Γöé Γ£ô     Γöé
Γöé 70     Γöé section_header       Γöé section    Γöé section_he Γöé Stage-I                                Γöé Γ£ô     Γöé
Γöé 71     Γöé section_header       Γöé section    Γöé section_he Γöé Acquire Labeled Data from the Foundati Γöé Γ£ô     Γöé
Γöé 72     Γöé text                 Γöé text       Γöé paragraph  Γöé Partition ΓäÄ : ≡¥É╗ into ≡¥æü = ( ≡¥É╗ -ΓäÄ )/ ≡¥É╣ n Γöé Γ£ô     Γöé
Γöé 73     Γöé text                 Γöé text       Γöé paragraph  Γöé Γè▓ h is the minimum history to predict  Γöé Γ£ô     Γöé
Γöé 74     Γöé formula              Γöé text       Γöé paragraph  Γöé                                        Γöé Γ£ô     Γöé
Γöé 75     Γöé formula              Γöé text       Γöé paragraph  Γöé                                        Γöé Γ£ô     Γöé
Γöé 76     Γöé section_header       Γöé section    Γöé section_he Γöé end for                                Γöé Γ£ô     Γöé
Γöé 77     Γöé text                 Γöé text       Γöé paragraph  Γöé Retain ≡¥É╛ = 3 windows with the lowest,  Γöé Γ£ô     Γöé
Γöé 78     Γöé section_header       Γöé section    Γöé section_he Γöé Generate Pseudo-forecasts              Γöé Γ£ô     Γöé
Γöé 79     Γöé formula              Γöé text       Γöé paragraph  Γöé                                        Γöé Γ£ô     Γöé

